--- 2026-09-20 08:55:12 Step 1 from 3 ---
               total        used        free      shared  buff/cache   available
Mem:           3.3Gi       1.7Gi       565Mi        76Mi       1.5Gi       1.7Gi
Swap:             0B          0B          0B
Filesystem      Size  Used Avail Use% Mounted on
tmpfs           680M  7.3M  673M   2% /run
/dev/sda2        25G  6.4G   17G  28% /
tmpfs           1.7G     0  1.7G   0% /dev/shm
tmpfs           1.7G  8.0K  1.7G   1% /tmp
none            1.0M     0  1.0M   0% /run/credentials/systemd-journald.service
none            1.0M     0  1.0M   0% /run/credentials/systemd-resolved.service
tmpfs           340M  116K  340M   1% /run/user/1000
МИФИ            266G  154G  113G  58% /media/sf_
 08:55:12 up 15:59,  1 user,  load average: 0.01, 0.04, 0.06
--- 2026-09-20 08:55:17 Step 2 from 3 ---
               total        used        free      shared  buff/cache   available
Mem:           3.3Gi       1.7Gi       565Mi        76Mi       1.5Gi       1.7Gi
Swap:             0B          0B          0B
Filesystem      Size  Used Avail Use% Mounted on
tmpfs           680M  7.3M  673M   2% /run
/dev/sda2        25G  6.4G   17G  28% /
tmpfs           1.7G     0  1.7G   0% /dev/shm
tmpfs           1.7G  8.0K  1.7G   1% /tmp
none            1.0M     0  1.0M   0% /run/credentials/systemd-journald.service
none            1.0M     0  1.0M   0% /run/credentials/systemd-resolved.service
tmpfs           340M  116K  340M   1% /run/user/1000
МИФИ            266G  154G  113G  58% /media/sf_
 08:55:17 up 15:59,  1 user,  load average: 0.01, 0.04, 0.06
--- 2026-09-20 08:55:22 Step 3 from 3 ---
               total        used        free      shared  buff/cache   available
Mem:           3.3Gi       1.7Gi       565Mi        76Mi       1.5Gi       1.7Gi
Swap:             0B          0B          0B
Filesystem      Size  Used Avail Use% Mounted on
tmpfs           680M  7.3M  673M   2% /run
/dev/sda2        25G  6.4G   17G  28% /
tmpfs           1.7G     0  1.7G   0% /dev/shm
tmpfs           1.7G  8.0K  1.7G   1% /tmp
none            1.0M     0  1.0M   0% /run/credentials/systemd-journald.service
none            1.0M     0  1.0M   0% /run/credentials/systemd-resolved.service
tmpfs           340M  116K  340M   1% /run/user/1000
МИФИ            266G  154G  113G  58% /media/sf_
 08:55:22 up 15:59,  1 user,  load average: 0.01, 0.03, 0.06
The work is completed.

Число шагов: 2
--- 2026-09-20 08:55:32 Step 1 from 2 ---
               total        used        free      shared  buff/cache   available
Mem:           3.3Gi       1.7Gi       565Mi        76Mi       1.5Gi       1.7Gi
Swap:             0B          0B          0B
Filesystem      Size  Used Avail Use% Mounted on
tmpfs           680M  7.3M  673M   2% /run
/dev/sda2        25G  6.4G   17G  28% /
tmpfs           1.7G     0  1.7G   0% /dev/shm
tmpfs           1.7G  8.0K  1.7G   1% /tmp
none            1.0M     0  1.0M   0% /run/credentials/systemd-journald.service
none            1.0M     0  1.0M   0% /run/credentials/systemd-resolved.service
tmpfs           340M  116K  340M   1% /run/user/1000
МИФИ            266G  154G  113G  58% /media/sf_
 08:55:32 up 15:59,  1 user,  load average: 0.00, 0.03, 0.06
--- 2026-09-20 08:55:37 Step 2 from 2 ---
               total        used        free      shared  buff/cache   available
Mem:           3.3Gi       1.7Gi       565Mi        76Mi       1.5Gi       1.7Gi
Swap:             0B          0B          0B
Filesystem      Size  Used Avail Use% Mounted on
tmpfs           680M  7.3M  673M   2% /run
/dev/sda2        25G  6.4G   17G  28% /
tmpfs           1.7G     0  1.7G   0% /dev/shm
tmpfs           1.7G  8.0K  1.7G   1% /tmp
none            1.0M     0  1.0M   0% /run/credentials/systemd-journald.service
none            1.0M     0  1.0M   0% /run/credentials/systemd-resolved.service
tmpfs           340M  116K  340M   1% /run/user/1000
МИФИ            266G  154G  113G  58% /media/sf_
 08:55:37 up 15:59,  1 user,  load average: 0.00, 0.03, 0.06
The work is completed.

